// Jest Snapshot v1, https://goo.gl/fbAQLP

exports[`App renders correctly 1`] = `
<div
  className="App"
>
  <header
    className="App-header"
  >
    <img
      alt="logo"
      className="App-logo"
      src="logo.svg"
    />
    <h1
      className="App-title"
    >
      Disaster Response
    </h1>
  </header>
  <div
    className="MainContainer"
  >
    MainContainer
  </div>
</div>
`;
